// Jest Snapshot v1, https://goo.gl/fbAQLP

exports[`eslint-config-uphold-react should generate violations for incorrect code 1`] = `
Array [
  "react-hooks/rules-of-hooks",
  "react/jsx-tag-spacing",
  "react/jsx-tag-spacing",
  "react/jsx-tag-spacing",
  "react/jsx-tag-spacing",
  "react/jsx-tag-spacing",
  "react/prefer-stateless-function",
]
`;
